---
http_interactions:
- request:
    method: post
    uri: https://owner-api.teslamotors.com/oauth/token
    body:
      encoding: UTF-8
      string: grant_type=password&client_id=<TESLA_CLIENT_ID>&client_secret=<TESLA_CLIENT_SECRET>&email=<TESLA_EMAIL>&password=<TESLA_PASS>
    headers:
      Accept-Encoding:
      - gzip;q=1.0,deflate;q=0.6,identity;q=0.3
      Accept:
      - "*/*"
      User-Agent:
      - Ruby
  response:
    status:
      code: 200
      message: OK
    headers:
      Server:
      - nginx
      Date:
      - Wed, 17 Dec 2014 01:40:41 GMT
      Content-Type:
      - application/json; charset=utf-8
      Transfer-Encoding:
      - chunked
      Connection:
      - keep-alive
      Status:
      - 200 OK
      Cache-Control:
      - no-store
      Pragma:
      - no-cache
      X-Ua-Compatible:
      - IE=Edge,chrome=1
      X-Request-Id:
      - 1e1e761e30ea14aae5b80afd6b98608e
      X-Runtime:
      - '0.422430'
    body:
      encoding: UTF-8
      string: '{"access_token":"a7a873c933af61e99c6c0c28a5b6d5a7a49f3d439bc908040e73b4ed5673ba71","token_type":"bearer","expires_in":7776000}'
    http_version: 
  recorded_at: Wed, 17 Dec 2014 01:40:43 GMT
- request:
    method: get
    uri: https://owner-api.teslamotors.com/api/1/vehicles
    body:
      encoding: US-ASCII
      string: ''
    headers:
      Authorization:
      - Bearer a7a873c933af61e99c6c0c28a5b6d5a7a49f3d439bc908040e73b4ed5673ba71
  response:
    status:
      code: 200
      message: OK
    headers:
      Server:
      - nginx
      Date:
      - Wed, 17 Dec 2014 01:40:42 GMT
      Content-Type:
      - application/json; charset=utf-8
      Content-Length:
      - '446'
      Connection:
      - keep-alive
      Status:
      - 200 OK
      X-Ua-Compatible:
      - IE=Edge,chrome=1
      Etag:
      - '"c52908b8db9336f89e7a1602f3b2a458"'
      Cache-Control:
      - max-age=0, private, must-revalidate
      X-Request-Id:
      - 54865176718b5415b5a6b0a137639d15
      X-Runtime:
      - '0.142764'
    body:
      encoding: UTF-8
      string: '{"response":[{"color":null,"display_name":"Nikola","id":1514029006966957156,"option_codes":"MS01,RENA,TM00,DRLH,PF00,BT85,PBCW,RFPO,WT19,IBMB,IDPB,TR00,SU01,SC01,TP01,AU01,CH00,HP00,PA00,PS00,AD02,X020,X025,X001,X003,X007,X011,X013,COUS","vehicle_id":490215852,"vin":"5YJSA1CN5CFP01657","tokens":["b1278e37b13e8df2","b2fd1ad42f706a73"],"state":"online","remote_start_enabled":true,"calendar_enabled":true,"notifications_enabled":true}],"count":1}'
    http_version: 
  recorded_at: Wed, 17 Dec 2014 01:40:44 GMT
- request:
    method: post
    uri: https://owner-api.teslamotors.com/api/1/vehicles/1514029006966957156/command/sun_roof_control
    body:
      encoding: UTF-8
      string: state=move&percent=0
    headers:
      Authorization:
      - Bearer a7a873c933af61e99c6c0c28a5b6d5a7a49f3d439bc908040e73b4ed5673ba71
  response:
    status:
      code: 200
      message: OK
    headers:
      Server:
      - nginx
      Date:
      - Wed, 17 Dec 2014 01:40:43 GMT
      Content-Type:
      - application/json; charset=utf-8
      Content-Length:
      - '40'
      Connection:
      - keep-alive
      Status:
      - 200 OK
      X-Ua-Compatible:
      - IE=Edge,chrome=1
      Etag:
      - '"f67eec105dd6522783a1f1bacc52723a"'
      Cache-Control:
      - max-age=0, private, must-revalidate
      X-Request-Id:
      - 9f31cdba266166cb046501eaf29692d6
      X-Runtime:
      - '0.208602'
    body:
      encoding: UTF-8
      string: '{"response":{"reason":"","result":true}}'
    http_version: 
  recorded_at: Wed, 17 Dec 2014 01:40:44 GMT
recorded_with: VCR 2.9.3
