---
http_interactions:
- request:
    method: post
    uri: https://owner-api.teslamotors.com/oauth/token
    body:
      encoding: UTF-8
      string: grant_type=password&client_id=<TESLA_CLIENT_ID>&client_secret=<TESLA_CLIENT_SECRET>&email=<TESLA_EMAIL>&password=<TESLA_PASS>
    headers:
      Accept-Encoding:
      - gzip;q=1.0,deflate;q=0.6,identity;q=0.3
      Accept:
      - "*/*"
      User-Agent:
      - Ruby
  response:
    status:
      code: 200
      message: OK
    headers:
      Server:
      - nginx
      Date:
      - Wed, 17 Dec 2014 01:05:07 GMT
      Content-Type:
      - application/json; charset=utf-8
      Transfer-Encoding:
      - chunked
      Connection:
      - keep-alive
      Status:
      - 200 OK
      Cache-Control:
      - no-store
      Pragma:
      - no-cache
      X-Ua-Compatible:
      - IE=Edge,chrome=1
      X-Request-Id:
      - bb65d486b56a612518f45b5388de80ab
      X-Runtime:
      - '0.533290'
    body:
      encoding: UTF-8
      string: '{"access_token":"98d5ac94ea3ea2cd7eb27694d1d2575af599ef2fe823607ba316d157eebd2c8d","token_type":"bearer","expires_in":7776000}'
    http_version: 
  recorded_at: Wed, 17 Dec 2014 01:05:09 GMT
- request:
    method: get
    uri: https://owner-api.teslamotors.com/api/1/vehicles
    body:
      encoding: US-ASCII
      string: ''
    headers:
      Authorization:
      - Bearer 98d5ac94ea3ea2cd7eb27694d1d2575af599ef2fe823607ba316d157eebd2c8d
  response:
    status:
      code: 200
      message: OK
    headers:
      Server:
      - nginx
      Date:
      - Wed, 17 Dec 2014 01:05:08 GMT
      Content-Type:
      - application/json; charset=utf-8
      Content-Length:
      - '446'
      Connection:
      - keep-alive
      Status:
      - 200 OK
      X-Ua-Compatible:
      - IE=Edge,chrome=1
      Etag:
      - '"900c699a9c4c6d36d87b1902a2fda748"'
      Cache-Control:
      - max-age=0, private, must-revalidate
      X-Request-Id:
      - 25392b92f4c74e168ba4274fd7f96ba8
      X-Runtime:
      - '0.057493'
    body:
      encoding: UTF-8
      string: '{"response":[{"color":null,"display_name":"Nikola","id":1514029006966957156,"option_codes":"MS01,RENA,TM00,DRLH,PF00,BT85,PBCW,RFPO,WT19,IBMB,IDPB,TR00,SU01,SC01,TP01,AU01,CH00,HP00,PA00,PS00,AD02,X020,X025,X001,X003,X007,X011,X013,COUS","vehicle_id":490215852,"vin":"5YJSA1CN5CFP01657","tokens":["a1f3fab6393d3a6a","91a139ce322eed65"],"state":"online","remote_start_enabled":true,"calendar_enabled":true,"notifications_enabled":true}],"count":1}'
    http_version: 
  recorded_at: Wed, 17 Dec 2014 01:05:09 GMT
- request:
    method: post
    uri: https://owner-api.teslamotors.com/api/1/vehicles/1514029006966957156/command/honk_horn
    body:
      encoding: UTF-8
      string: ''
    headers:
      Authorization:
      - Bearer 98d5ac94ea3ea2cd7eb27694d1d2575af599ef2fe823607ba316d157eebd2c8d
  response:
    status:
      code: 200
      message: OK
    headers:
      Server:
      - nginx
      Date:
      - Wed, 17 Dec 2014 01:05:08 GMT
      Content-Type:
      - application/json; charset=utf-8
      Content-Length:
      - '40'
      Connection:
      - keep-alive
      Status:
      - 200 OK
      X-Ua-Compatible:
      - IE=Edge,chrome=1
      Etag:
      - '"f67eec105dd6522783a1f1bacc52723a"'
      Cache-Control:
      - max-age=0, private, must-revalidate
      X-Request-Id:
      - 6ea606a5f197f644fc810917f862c63a
      X-Runtime:
      - '0.315469'
    body:
      encoding: UTF-8
      string: '{"response":{"reason":"","result":true}}'
    http_version: 
  recorded_at: Wed, 17 Dec 2014 01:05:10 GMT
recorded_with: VCR 2.9.3
